// Vitest Snapshot v1, https://vitest.dev/guide/snapshot.html

exports[`CategoriesBanner component > matches snapshot 1`] = `
<DocumentFragment>
  <li
    class="CartCard card"
  >
    <a
      class="item-link"
      href="/undefined/undefined"
    >
      <div
        class="item-img-container"
      >
        <img
          class="card-img"
        />
      </div>
      <div
        class="card-body"
      >
        <div
          class="cart-item-details"
        >
          <div
            class="card-title"
          />
          <div
            class="card-price"
          >
            $
          </div>
          <div
            class="card-description"
          />
          <div
            class="card-quantity"
          >
            Qty: 
          </div>
        </div>
      </div>
    </a>
    <div
      class="item-quantity-container"
    >
      <select
        id="quantity-undefined"
      >
        <option
          value="1"
        >
          1
        </option>
        <option
          value="2"
        >
          2
        </option>
        <option
          value="3"
        >
          3
        </option>
        <option
          value="4"
        >
          4
        </option>
        <option
          value="5"
        >
          5
        </option>
        <option
          value="6"
        >
          6
        </option>
        <option
          value="7"
        >
          7
        </option>
        <option
          value="8"
        >
          8
        </option>
        <option
          value="9"
        >
          9
        </option>
        <option
          value="10"
        >
          10
        </option>
      </select>
    </div>
    <button
      class="btn btn-danger"
    >
      Remove
    </button>
  </li>
</DocumentFragment>
`;
